2026-08-10 15:08:34,764 INFO prompt_saved id=68c24cf3-cdff-40f5-9862-7cdbb1ba722a length=32
2026-08-10 15:29:00,638 INFO prompt_saved id=faad219d-96e3-48af-8d6c-32b479497857 length=43
2026-08-10 15:30:27,041 INFO prompt_saved id=0947f739-b001-46eb-9951-8206854cba57 length=26
2026-08-10 15:34:20,282 INFO prompt_saved id=2c876e95-9a6c-4841-b3de-4b1a515bdb0f length=20
2026-08-10 15:34:24,863 INFO prompt_saved id=861d606e-094b-452d-9165-8dbc72361615 length=8614
2026-08-10 15:38:38,353 INFO prompt_saved id=592724f6-685f-413e-bc51-d2f43c8a0f6f length=209
2026-08-10 15:52:52,955 INFO prompt_saved id=be08f18e-0085-4872-8f35-7de3b0ad9ae1 length=60
2026-08-10 15:55:50,247 INFO prompt_saved id=07d23043-6ba2-40ad-b796-8f42dbe1fda3 length=69
2026-08-10 16:10:06,833 INFO hook_saved event=UserPromptSubmit id=1fb88378-8e69-4eb9-b08c-894cbaceb2f0
2026-08-10 16:12:05,418 INFO hook_saved event=UserPromptSubmit id=60a3a09b-be10-46df-be39-08adf72382db
2026-08-10 16:21:42,768 INFO hook_saved event=SessionEnd id=019feaba-59f8-78d2-b840-c46aa77ee94d
2026-08-10 16:23:13,716 INFO hook_saved event=UserPromptSubmit id=e4c28cfa-564a-4825-9a86-760c2223a8c2
2026-08-10 16:26:51,905 INFO hook_saved event=SessionEnd id=019feac3-8e36-7a80-a6ad-ea61000e142f
2026-08-10 16:27:20,969 INFO hook_saved event=SessionStart id=019feac8-4879-7043-b0b1-46033299bd03
2026-08-10 16:27:21,833 INFO hook_saved event=UserPromptSubmit id=83575a2b-8ded-4932-98d6-3cb007034ccf
2026-08-10 16:27:44,144 INFO hook_saved event=UserPromptSubmit id=aa22eb8c-4b8f-4cac-b7a0-2c4d2d6e72cb
2026-08-10 16:28:04,168 INFO hook_saved event=PostToolUse id=b953509b-f086-4e2d-8bd4-a926e73ee95e
2026-08-10 16:28:16,028 INFO hook_saved event=PostToolUse id=451d7a17-94d7-4472-a695-de96e3c2eb7e
2026-08-10 16:29:13,676 INFO hook_saved event=SessionEnd id=019feac8-4879-7043-b0b1-46033299bd03
2026-08-10 16:30:11,431 INFO hook_saved event=UserPromptSubmit id=02420216-f870-4ea7-bba2-9dcbe3b76a2a
2026-08-10 16:37:43,284 INFO hook_saved event=UserPromptSubmit id=5a7fb5b6-77a8-48c8-8a93-65bafe56960b
2026-08-10 16:56:08,483 INFO hook_saved event=UserPromptSubmit id=8eb6950c-2dfb-4620-b52a-428eeced7b51
2026-08-10 17:05:38,341 INFO hook_saved event=UserPromptSubmit id=0b70252b-4486-4690-8fc7-2c54041d6e69
